// Vitest Snapshot v1, https://vitest.dev/guide/snapshot.html

exports[`render <Home /> > snapshot 1`] = `
<div>
  <main
    class="_page_00c8fe"
  >
    <header
      class="_header_00c8fe"
    >
      <a
        class="_wordmark_00c8fe"
        href="/"
      >
        NO
        <span>
          .
        </span>
      </a>
      <nav
        aria-label="メインナビゲーション"
      >
        <a
          href="/blog"
        >
          Blog
        </a>
      </nav>
    </header>
    <section
      class="_hero_00c8fe"
    >
      <h1>
        Naoya
        <br />
        Otsuka
        <span>
          .
        </span>
      </h1>
      <p
        class="_intro_00c8fe"
      >
        Web Engineer / Architect
      </p>
      <div
        class="_status_00c8fe"
      >
        <span
          aria-hidden="true"
        />
        Osaka, Japan
      </div>
    </section>
    <section
      aria-labelledby="profile-title"
      class="_section_00c8fe"
    >
      <div
        class="_sectionHeading_00c8fe"
      >
        <h2
          id="profile-title"
        >
          Profile
        </h2>
      </div>
      <div
        class="_profileCopy_00c8fe"
      >
        <p>
          主にバックエンド開発に従事する Web エンジニア
        </p>
        <p>
          アーキテクチャ設計や情報検索、Human-Computer Interaction に興味がある
        </p>
      </div>
    </section>
    <section
      aria-labelledby="skills-title"
      class="_section_00c8fe"
    >
      <div
        class="_sectionHeading_00c8fe"
      >
        <h2
          id="skills-title"
        >
          Skills
        </h2>
      </div>
      <div
        class="_skillGrid_00c8fe"
      >
        <article
          class="_skillCard_00c8fe"
        >
          <span>
            0
            1
          </span>
          <h3>
            Backend
          </h3>
          <ul>
            <li>
              Java
            </li>
            <li>
              Kotlin
            </li>
            <li>
              Spring Boot
            </li>
            <li>
              Go
            </li>
            <li>
              Python
            </li>
          </ul>
        </article>
        <article
          class="_skillCard_00c8fe"
        >
          <span>
            0
            2
          </span>
          <h3>
            Platform
          </h3>
          <ul>
            <li>
              Docker
            </li>
            <li>
              Kubernetes
            </li>
            <li>
              Microservices
            </li>
          </ul>
        </article>
        <article
          class="_skillCard_00c8fe"
        >
          <span>
            0
            3
          </span>
          <h3>
            Search & Research
          </h3>
          <ul>
            <li>
              Solr
            </li>
            <li>
              Information Retrieval
            </li>
            <li>
              Exploratory Search
            </li>
            <li>
              HCI
            </li>
          </ul>
        </article>
      </div>
    </section>
    <section
      class="_section_00c8fe"
    >
      <div
        class="_sectionHeading_00c8fe"
      >
        <h2>
          Links
        </h2>
      </div>
      <div
        class="_linkList_00c8fe"
      >
        <a
          href="https://github.com/otknoy"
          rel="noreferrer"
          target="_blank"
        >
          <span>
            GitHub
          </span>
          <span
            aria-hidden="true"
          >
            ↗
          </span>
        </a>
        <a
          href="https://twitter.com/otknoy"
          rel="noreferrer"
          target="_blank"
        >
          <span>
            X / Twitter
          </span>
          <span
            aria-hidden="true"
          >
            ↗
          </span>
        </a>
        <a
          href="https://otknoy.hatenablog.com"
          rel="noreferrer"
          target="_blank"
        >
          <span>
            Hatena Blog
          </span>
          <span
            aria-hidden="true"
          >
            ↗
          </span>
        </a>
      </div>
    </section>
    <footer
      class="_footer_00c8fe"
    >
      <span>
        © 2025 Naoya Otsuka
      </span>
      <a
        href="/blog"
      >
        Read the blog →
      </a>
    </footer>
  </main>
</div>
`;
