// Vitest Snapshot v1, https://vitest.dev/guide/snapshot.html

exports[`render <Home /> > snapshot 1`] = `
<div>
  <main
    class="pageContainer"
  >
    <header
      class="_header_00c8fe"
    >
      <a
        class="_wordmark_00c8fe"
        href="/"
      >
        NO
        <span>
          .
        </span>
      </a>
      <nav
        aria-label="メインナビゲーション"
      >
        <a
          href="/blog"
        >
          Blog
        </a>
      </nav>
    </header>
    <section
      class="_hero_00c8fe"
    >
      <h1>
        Naoya
        <br />
        Otsuka
        <span>
          .
        </span>
      </h1>
      <p
        class="_intro_00c8fe"
      >
        Web Engineer / Architect
      </p>
      <div
        class="_status_00c8fe"
      >
        <span
          aria-hidden="true"
        />
        Osaka, Japan
      </div>
    </section>
    <section
      aria-labelledby="profile-title"
      class="_section_00c8fe"
    >
      <div
        class="_sectionHeading_00c8fe"
      >
        <h2
          id="profile-title"
        >
          Profile
        </h2>
      </div>
      <div
        class="_profileCopy_00c8fe"
      >
        <p>
          主にバックエンド開発に従事する Web エンジニア
        </p>
        <p>
          アーキテクチャ設計や情報検索、Human-Computer Interaction に興味がある
        </p>
      </div>
    </section>
    <section
      aria-labelledby="skills-title"
      class="_section_00c8fe"
    >
      <div
        class="_sectionHeading_00c8fe"
      >
        <h2
          id="skills-title"
        >
          Skills
        </h2>
      </div>
      <div
        class="_skillGrid_00c8fe"
      >
        <article
          class="_skillCard_00c8fe"
        >
          <span>
            0
            1
          </span>
          <h3>
            Backend & Architecture
          </h3>
          <ul>
            <li>
              Java
            </li>
            <li>
              Spring Boot
            </li>
            <li>
              Go
            </li>
            <li>
              Python
            </li>
            <li>
              Kotlin
            </li>
            <li>
              Microservices
            </li>
          </ul>
        </article>
        <article
          class="_skillCard_00c8fe"
        >
          <span>
            0
            2
          </span>
          <h3>
            Data & Messaging
          </h3>
          <ul>
            <li>
              Solr
            </li>
            <li>
              Redis
            </li>
            <li>
              Cassandra
            </li>
            <li>
              Kafka
            </li>
            <li>
              Pulsar
            </li>
            <li>
              MySQL
            </li>
          </ul>
        </article>
        <article
          class="_skillCard_00c8fe"
        >
          <span>
            0
            3
          </span>
          <h3>
            Platform & Observability
          </h3>
          <ul>
            <li>
              Docker
            </li>
            <li>
              Kubernetes
            </li>
            <li>
              Prometheus
            </li>
            <li>
              Alertmanager
            </li>
            <li>
              Grafana
            </li>
          </ul>
        </article>
        <article
          class="_skillCard_00c8fe"
        >
          <span>
            0
            4
          </span>
          <h3>
            Research Interests
          </h3>
          <ul>
            <li>
              Information Retrieval
            </li>
            <li>
              Exploratory Search
            </li>
            <li>
              Human-Computer Interaction
            </li>
          </ul>
        </article>
      </div>
    </section>
    <section
      class="_section_00c8fe"
    >
      <div
        class="_sectionHeading_00c8fe"
      >
        <h2>
          Links
        </h2>
      </div>
      <div
        class="_linkList_00c8fe"
      >
        <a
          aria-label="GitHub"
          href="https://github.com/otknoy"
          rel="noreferrer"
          target="_blank"
          title="GitHub"
        >
          <svg
            aria-hidden="true"
            fill="currentColor"
            viewBox="0 0 24 24"
          >
            <path
              d="M12 .297c-6.63 0-12 5.373-12 12 0 5.303 3.438 9.8 8.205 11.385.6.113.82-.258.82-.577 0-.285-.01-1.04-.015-2.04-3.338.724-4.042-1.61-4.042-1.61C4.422 18.07 3.633 17.7 3.633 17.7c-1.087-.744.084-.729.084-.729 1.205.084 1.838 1.236 1.838 1.236 1.07 1.835 2.809 1.305 3.495.998.108-.776.417-1.305.76-1.605-2.665-.3-5.466-1.332-5.466-5.93 0-1.31.465-2.38 1.235-3.22-.135-.303-.54-1.523.105-3.176 0 0 1.005-.322 3.3 1.23.96-.267 1.98-.399 3-.405 1.02.006 2.04.138 3 .405 2.28-1.552 3.285-1.23 3.285-1.23.645 1.653.24 2.873.12 3.176.765.84 1.23 1.91 1.23 3.22 0 4.61-2.805 5.625-5.475 5.92.42.36.81 1.096.81 2.22 0 1.606-.015 2.896-.015 3.286 0 .315.21.69.825.57C20.565 22.092 24 17.592 24 12.297c0-6.627-5.373-12-12-12"
            />
          </svg>
        </a>
        <a
          aria-label="X / Twitter"
          href="https://twitter.com/otknoy"
          rel="noreferrer"
          target="_blank"
          title="X / Twitter"
        >
          <svg
            aria-hidden="true"
            fill="currentColor"
            viewBox="0 0 24 24"
          >
            <path
              d="M14.234 10.162 22.977 0h-2.072l-7.591 8.824L7.251 0H.258l9.168 13.343L.258 24H2.33l8.016-9.318L16.749 24h6.993zm-2.837 3.299-.929-1.329L3.076 1.56h3.182l5.965 8.532.929 1.329 7.754 11.09h-3.182z"
            />
          </svg>
        </a>
      </div>
    </section>
    <footer
      class="_footer_00c8fe"
    >
      <span>
        © 2025 Naoya Otsuka
      </span>
      <a
        href="/blog"
      >
        Read the blog
        <span
          aria-hidden="true"
          class="linkArrow"
        >
          →
        </span>
      </a>
    </footer>
  </main>
</div>
`;
