// Jest Snapshot v1, https://goo.gl/fbAQLP

exports[`render <Home /> snapshot 1`] = `
<div>
  <header
    style={
      Object {
        "display": "flex",
        "justifyContent": "space-between",
      }
    }
  >
    <h1
      style={
        Object {
          "fontSize": "24px",
        }
      }
    >
      Naoya Otsuka
    </h1>
    <div>
      <ul
        style={
          Object {
            "listStyle": "none",
          }
        }
      >
        <li
          style={
            Object {
              "display": "inline-block",
              "padding": "4px",
            }
          }
        >
          <a
            href="https://github.com/otknoy"
          >
            <span
              style={
                Object {
                  "fontSize": "16px",
                }
              }
            >
              github
            </span>
          </a>
        </li>
        <li
          style={
            Object {
              "display": "inline-block",
              "padding": "4px",
            }
          }
        >
          <a
            href="https://twitter.com/otknoy"
          >
            <span
              style={
                Object {
                  "fontSize": "16px",
                }
              }
            >
              twitter
            </span>
          </a>
        </li>
        <li
          style={
            Object {
              "display": "inline-block",
              "padding": "4px",
            }
          }
        >
          <a
            href="https://otknoy.hatenablog.com"
          >
            <span
              style={
                Object {
                  "fontSize": "16px",
                }
              }
            >
              blog
            </span>
          </a>
        </li>
      </ul>
    </div>
  </header>
  <section>
    <h1
      style={
        Object {
          "fontSize": "22px",
        }
      }
    >
      Profile
    </h1>
    <div>
      <p>
        <span
          style={
            Object {
              "fontSize": "16px",
            }
          }
        >
          web engineer, architect
        </span>
      </p>
    </div>
  </section>
  <section>
    <h1
      style={
        Object {
          "fontSize": "22px",
        }
      }
    >
      Interest
    </h1>
    <ul>
      <li>
        <span
          style={
            Object {
              "fontSize": "16px",
            }
          }
        >
          Java, Kotlin, SpringBoot
        </span>
      </li>
      <li>
        <span
          style={
            Object {
              "fontSize": "16px",
            }
          }
        >
          Go, Docker, Kubernetes
        </span>
      </li>
      <li>
        <span
          style={
            Object {
              "fontSize": "16px",
            }
          }
        >
          Microservices, Test-driven Development
        </span>
      </li>
      <li>
        <span
          style={
            Object {
              "fontSize": "16px",
            }
          }
        >
          Information Retrieval
        </span>
      </li>
      <li>
        <span
          style={
            Object {
              "fontSize": "16px",
            }
          }
        >
          Human Computer Interaction
        </span>
      </li>
    </ul>
  </section>
  <section>
    <h1
      style={
        Object {
          "fontSize": "22px",
        }
      }
    >
      Background
    </h1>
    <section>
      <h1
        style={
          Object {
            "fontSize": "18px",
          }
        }
      >
        Master's Degree
      </h1>
      <span
        style={
          Object {
            "fontSize": "16px",
          }
        }
      >
        Graduate School of Informatics, Kansai University, 2013-2015
      </span>
    </section>
    <section>
      <h1
        style={
          Object {
            "fontSize": "18px",
          }
        }
      >
        Bachelor's Degree
      </h1>
      <span
        style={
          Object {
            "fontSize": "16px",
          }
        }
      >
        Faculty of Informatics, Kansai University, 2010-2013
      </span>
    </section>
  </section>
  <footer
    style={
      Object {
        "textAlign": "center",
      }
    }
  >
    <h1
      style={
        Object {
          "margin": "0px",
          "padding": "4px",
        }
      }
    >
      <span
        style={
          Object {
            "fontSize": "16px",
          }
        }
      >
        (C) 1988-
        2025
         Naoya Otsuka
      </span>
    </h1>
  </footer>
  <style
    jsx={true}
  >
    
      div {
        max-width: 410px;
        margin: 0 auto;
        padding: 0 8px;
      }
      
  </style>
</div>
`;
