// Jest Snapshot v1, https://goo.gl/fbAQLP

exports[`render <App /> snapshot 1`] = `
Array [
  <header
    className="sc-eCApGN dyORaM"
  >
    <h1
      className="sc-jSFkmK jPCUDi"
    >
      <span
        className="sc-hKFyIo eCqoGD"
      >
        Naoya Otsuka
      </span>
    </h1>
  </header>,
  <section>
    <h1>
      Profile
    </h1>
    <div>
      <p>
        Naoya Otsuka
      </p>
      <p>
        web engineer
      </p>
    </div>
    <ul>
      <li>
        <a
          href="https://github.com/otknoy"
        >
          github
        </a>
      </li>
      <li>
        <a
          href="https://twitter.com/otknoy"
        >
          twitter
        </a>
      </li>
      <li>
        <a
          href="https://otknoy.hatenablog.com"
        >
          blog
        </a>
      </li>
    </ul>
  </section>,
  <section>
    <h1>
      Interest
    </h1>
    <ul>
      <li>
        Java, Kotlin, SpringBoot
      </li>
      <li>
        Python, Node.js, Go
      </li>
      <li>
        Docker, Kubernetes
      </li>
      <li>
        Microservices, Test-driven Development
      </li>
      <li>
        Information Retrieval
      </li>
      <li>
        Human Computer Interaction
      </li>
    </ul>
  </section>,
  <section>
    <h1>
      Portfolio
    </h1>
    <ul>
      <li>
        <a
          href="/"
        >
          under construction
        </a>
      </li>
    </ul>
  </section>,
  <footer
    className="sc-gKAblj iDszLg"
  >
    <h1
      className="sc-iCoHVE AscQy"
    >
      <span
        className="sc-gtssRu fBCpkM"
      >
        (C) 1988-2020 Naoya Otsuka
      </span>
    </h1>
  </footer>,
]
`;
