// Jest Snapshot v1, https://goo.gl/fbAQLP

exports[`render <App /> snapshot 1`] = `
Array [
  <header
    style={
      Object {
        "textAlign": "center",
      }
    }
  >
    <h1
      style={
        Object {
          "fontSize": "28px",
        }
      }
    >
      Naoya Otsuka
    </h1>
  </header>,
  <section>
    <h1
      style={
        Object {
          "fontSize": "22px",
        }
      }
    >
      Profile
    </h1>
    <div>
      <p>
        <span
          style={
            Object {
              "fontSize": "16px",
            }
          }
        >
          Naoya Otsuka
        </span>
      </p>
      <p>
        <span
          style={
            Object {
              "fontSize": "16px",
            }
          }
        >
          web engineer
        </span>
      </p>
    </div>
    <ul>
      <li>
        <a
          href="https://github.com/otknoy"
        >
          <span
            style={
              Object {
                "fontSize": "16px",
              }
            }
          >
            github
          </span>
        </a>
      </li>
      <li>
        <a
          href="https://twitter.com/otknoy"
        >
          <span
            style={
              Object {
                "fontSize": "16px",
              }
            }
          >
            twitter
          </span>
        </a>
      </li>
      <li>
        <a
          href="https://otknoy.hatenablog.com"
        >
          <span
            style={
              Object {
                "fontSize": "16px",
              }
            }
          >
            blog
          </span>
        </a>
      </li>
    </ul>
  </section>,
  <section>
    <h1
      style={
        Object {
          "fontSize": "22px",
        }
      }
    >
      Interest
    </h1>
    <ul>
      <li>
        <span
          style={
            Object {
              "fontSize": "16px",
            }
          }
        >
          Java, Kotlin, SpringBoot
        </span>
      </li>
      <li>
        <span
          style={
            Object {
              "fontSize": "16px",
            }
          }
        >
          Python, Node.js, Go
        </span>
      </li>
      <li>
        <span
          style={
            Object {
              "fontSize": "16px",
            }
          }
        >
          Docker, Kubernetes
        </span>
      </li>
      <li>
        <span
          style={
            Object {
              "fontSize": "16px",
            }
          }
        >
          Microservices, Test-driven Development
        </span>
      </li>
      <li>
        <span
          style={
            Object {
              "fontSize": "16px",
            }
          }
        >
          Information Retrieval
        </span>
      </li>
      <li>
        <span
          style={
            Object {
              "fontSize": "16px",
            }
          }
        >
          Human Computer Interaction
        </span>
      </li>
    </ul>
  </section>,
  <section>
    <h1
      style={
        Object {
          "fontSize": "22px",
        }
      }
    >
      Portfolio
    </h1>
    <ul>
      <li>
        <a
          href="/"
        >
          <span
            style={
              Object {
                "fontSize": "16px",
              }
            }
          >
            under construction
          </span>
        </a>
      </li>
    </ul>
  </section>,
  <footer
    style={
      Object {
        "textAlign": "center",
      }
    }
  >
    <h1
      style={
        Object {
          "margin": "0px",
          "padding": "4px",
        }
      }
    >
      <span
        style={
          Object {
            "fontSize": "16px",
          }
        }
      >
        (C) 1988-2020 Naoya Otsuka
      </span>
    </h1>
  </footer>,
]
`;
