// Jest Snapshot v1, https://goo.gl/fbAQLP

exports[`render <Page /> snapshot 1`] = `
Array [
  <header
    className="sc-AxhUy bsWMyc"
  >
    <h1
      className="sc-AxgMl JnhRk"
    >
      <span
        className="sc-AxhCb hHeuYy"
      >
        Naoya Otsuka
      </span>
    </h1>
  </header>,
  <div>
    <section
      className="sc-AxheI etUejA"
    >
      <h1
        className="sc-Axmtr gNLSTW"
      >
        <a
          className="sc-AxmLO iKoxmt"
          href="https://twitter.com/otknoy"
        >
          twitter
        </a>
      </h1>
    </section>
    <section
      className="sc-AxheI etUejA"
    >
      <h1
        className="sc-Axmtr gNLSTW"
      >
        <a
          className="sc-AxmLO iKoxmt"
          href="https://github.com/otknoy/"
        >
          github
        </a>
      </h1>
    </section>
    <section
      className="sc-AxheI etUejA"
    >
      <h1
        className="sc-Axmtr gNLSTW"
      >
        <a
          className="sc-AxmLO iKoxmt"
          href="https://otknoy.hatenablog.com/"
        >
          blog
        </a>
      </h1>
    </section>
  </div>,
  <footer
    className="sc-fzozJi fgLSDk"
  >
    <h1
      className="sc-fzoLsD icemJL"
    >
      <span
        className="sc-AxirZ jvzABj"
      >
        (C) 1988-2020 Naoya Otsuka
      </span>
    </h1>
  </footer>,
]
`;
