// Jest Snapshot v1, https://goo.gl/fbAQLP

exports[`render <Page /> snapshot 1`] = `
Array [
  <header
    className="sc-AxhUy bsWMyc"
  >
    <h1
      className="sc-AxgMl JnhRk"
    >
      <span
        className="sc-AxhCb hHeuYy"
      >
        Naoya Otsuka
      </span>
    </h1>
  </header>,
  <div>
    <section
      className="sc-AxheI ghZiWj"
    >
      <a
        className="sc-Axmtr fFrzCd"
        href="https://twitter.com/otknoy"
      >
        <div
          className="sc-AxmLO jUgwkq"
        >
          <h1
            className="sc-fzozJi jPCoxr"
          >
            twitter
          </h1>
        </div>
      </a>
    </section>
    <section
      className="sc-AxheI ghZiWj"
    >
      <a
        className="sc-Axmtr fFrzCd"
        href="https://github.com/otknoy/"
      >
        <div
          className="sc-AxmLO jUgwkq"
        >
          <h1
            className="sc-fzozJi jPCoxr"
          >
            github
          </h1>
        </div>
      </a>
    </section>
    <section
      className="sc-AxheI ghZiWj"
    >
      <a
        className="sc-Axmtr fFrzCd"
        href="https://otknoy.hatenablog.com/"
      >
        <div
          className="sc-AxmLO jUgwkq"
        >
          <h1
            className="sc-fzozJi jPCoxr"
          >
            blog
          </h1>
        </div>
      </a>
    </section>
  </div>,
  <footer
    className="sc-fzoLsD dVzNoK"
  >
    <h1
      className="sc-fzpans ePhuXL"
    >
      <span
        className="sc-AxirZ jvzABj"
      >
        (C) 1988-2020 Naoya Otsuka
      </span>
    </h1>
  </footer>,
]
`;
