// Jest Snapshot v1, https://goo.gl/fbAQLP

exports[`render <Page /> snapshot 1`] = `
Array [
  <header
    className="sc-AxhUy bsWMyc"
  >
    <h1
      className="sc-AxgMl JnhRk"
    >
      <span
        className="sc-AxhCb hHeuYy"
      >
        Naoya Otsuka
      </span>
    </h1>
  </header>,
  <div
    className="sc-fzoLsD bYMFHa"
  >
    <article
      className="sc-AxheI gKgxcH"
    >
      <a
        href="https://twitter.com/otknoy"
      >
        <div
          className="sc-Axmtr dAuNFl"
        >
          twitter
        </div>
      </a>
    </article>
    <article
      className="sc-AxheI gKgxcH"
    >
      <a
        href="https://github.com/otknoy/"
      >
        <div
          className="sc-Axmtr dAuNFl"
        >
          github
        </div>
      </a>
    </article>
    <article
      className="sc-AxheI gKgxcH"
    >
      <a
        href="https://otknoy.hatenablog.com/"
      >
        <div
          className="sc-Axmtr dAuNFl"
        >
          blog
        </div>
      </a>
    </article>
  </div>,
  <footer
    className="sc-AxmLO gFtwfp"
  >
    <h1
      className="sc-fzozJi gsbVTV"
    >
      <span
        className="sc-AxirZ jvzABj"
      >
        (C) 1988-2020 Naoya Otsuka
      </span>
    </h1>
  </footer>,
]
`;
